// Jest Snapshot v1, https://goo.gl/fbAQLP

exports[`Pruebas en GridItem Debe mostrar GridItem correctamente 1`] = `
<div
  className="col"
>
  <div
    className="card h-100"
  >
    <img
      alt="https://www"
      className="card-img-top"
      src="https://www"
    />
    <div
      className="card-body"
    >
      <h5
        className="card-title"
      >
        Hola
      </h5>
      <a
        className="btn btn-secondary"
        href="https://www"
        rel="noopener noreferrer"
        target="_blank"
      >
        Ver imagen
      </a>
    </div>
    <div
      className="card-footer"
    >
      <small
        className="text-muted"
      >
        Fecha y hora de subida: 
        2015-12-12
      </small>
    </div>
  </div>
</div>
`;
